[2026-09-25 18:35:00] =================================================================
[2026-09-25 18:35:00] BẮT ĐẦU CHU TRÌNH AUTO-UPDATE XSMB 18H35 HÀNG NGÀY
[2026-09-25 18:35:00] =================================================================
[2026-09-25 18:35:00] -> Đang chạy: Cào dữ liệu & Phân tích G7 Master (Thư mục: E:\DONG BO\New Ha GCCK\Năm 2026\Dự Án AI_ Antigravity\Logic)...
[2026-09-25 18:35:09]    [Thành công] Cào dữ liệu & Phân tích G7 Master
[2026-09-25 18:35:09] -> Đang chạy: Soi cầu G1-G5 & Chốt Dàn Tĩnh mới (Thư mục: E:\DONG BO\New Ha GCCK\Năm 2026\Dự Án AI_ Antigravity\New folder\Logic)...
[2026-09-25 18:35:11]    [Thành công] Soi cầu G1-G5 & Chốt Dàn Tĩnh mới
[2026-09-25 18:35:11] -> Đồng bộ các file sang repo 58_up_to_75...
[2026-09-25 18:35:12] -> Đang chạy: Update Daily 58_up_to_75 (Thư mục: E:\DONG BO\New Ha GCCK\Năm 2026\Dự Án AI_ Antigravity\58_up_to_75)...
[2026-09-25 18:35:22]    [Thành công] Update Daily 58_up_to_75
[2026-09-25 18:35:22] -> Đang chạy: Git Push repo New folder/Logic (Thư mục: E:\DONG BO\New Ha GCCK\Năm 2026\Dự Án AI_ Antigravity\New folder\Logic)...
[2026-09-25 18:35:27]    [Thành công] Git Push repo New folder/Logic
[2026-09-25 18:35:27] -> Đang chạy: Git Push repo 58_up_to_75 (Thư mục: E:\DONG BO\New Ha GCCK\Năm 2026\Dự Án AI_ Antigravity\58_up_to_75)...
[2026-09-25 18:35:27]    [Cảnh báo] Git Push repo 58_up_to_75 kết thúc với mã 1
[2026-09-25 18:35:27] -> Đang chạy: Git Push repo Logic goc (Thư mục: E:\DONG BO\New Ha GCCK\Năm 2026\Dự Án AI_ Antigravity\Logic)...
[2026-09-25 18:35:32]    [Cảnh báo] Git Push repo Logic goc kết thúc với mã 1
[2026-09-25 18:35:32]    Stderr: To https://github.com/happiness2286-dot/logistic.git
 ! [rejected]        main -> main (fetch first)
error: failed to push some refs to 'https://github.com/happiness2286-dot/logistic.git'
hint: Update
[2026-09-25 18:35:32] =================================================================
[2026-09-25 18:35:32] HOÀN TẤT CHU TRÌNH TỰ ĐỘNG CẬP NHẬT XSMB HÀNG NGÀY!
[2026-09-25 18:35:32] =================================================================

[2026-09-26 18:35:01] =================================================================
[2026-09-26 18:35:01] BẮT ĐẦU CHU TRÌNH AUTO-UPDATE XSMB 18H35 HÀNG NGÀY
[2026-09-26 18:35:01] =================================================================
[2026-09-26 18:35:01] -> Đang chạy: Cào dữ liệu & Phân tích G7 Master (Thư mục: E:\DONG BO\New Ha GCCK\Năm 2026\Dự Án AI_ Antigravity\Logic)...
[2026-09-26 18:35:07]    [Thành công] Cào dữ liệu & Phân tích G7 Master
[2026-09-26 18:35:07] -> Đang chạy: Soi cầu G1-G5 & Chốt Dàn Tĩnh mới (Thư mục: E:\DONG BO\New Ha GCCK\Năm 2026\Dự Án AI_ Antigravity\New folder\Logic)...
[2026-09-26 18:35:10]    [Thành công] Soi cầu G1-G5 & Chốt Dàn Tĩnh mới
[2026-09-26 18:35:10] -> Đồng bộ các file sang repo 58_up_to_75...
[2026-09-26 18:35:10] -> Đang chạy: Update Daily 58_up_to_75 (Thư mục: E:\DONG BO\New Ha GCCK\Năm 2026\Dự Án AI_ Antigravity\58_up_to_75)...
[2026-09-26 18:35:17]    [Thành công] Update Daily 58_up_to_75
[2026-09-26 18:35:17] -> Đang chạy: Git Push repo New folder/Logic (Thư mục: E:\DONG BO\New Ha GCCK\Năm 2026\Dự Án AI_ Antigravity\New folder\Logic)...
[2026-09-26 18:35:20]    [Cảnh báo] Git Push repo New folder/Logic kết thúc với mã 1
[2026-09-26 18:35:20]    Stderr: To https://github.com/happiness2286-dot/logistic.git
 ! [rejected]        main -> main (fetch first)
error: failed to push some refs to 'https://github.com/happiness2286-dot/logistic.git'
hint: Update
[2026-09-26 18:35:20] -> Đang chạy: Git Push repo 58_up_to_75 (Thư mục: E:\DONG BO\New Ha GCCK\Năm 2026\Dự Án AI_ Antigravity\58_up_to_75)...
[2026-09-26 18:35:20]    [Cảnh báo] Git Push repo 58_up_to_75 kết thúc với mã 1
[2026-09-26 18:35:20] -> Đang chạy: Git Push repo Logic goc (Thư mục: E:\DONG BO\New Ha GCCK\Năm 2026\Dự Án AI_ Antigravity\Logic)...
[2026-09-26 18:35:22]    [Cảnh báo] Git Push repo Logic goc kết thúc với mã 1
[2026-09-26 18:35:22]    Stderr: To https://github.com/happiness2286-dot/logistic.git
 ! [rejected]        main -> main (non-fast-forward)
error: failed to push some refs to 'https://github.com/happiness2286-dot/logistic.git'
hint: U
[2026-09-26 18:35:22] =================================================================
[2026-09-26 18:35:22] HOÀN TẤT CHU TRÌNH TỰ ĐỘNG CẬP NHẬT XSMB HÀNG NGÀY!
[2026-09-26 18:35:22] =================================================================

[2026-09-27 18:35:02] =================================================================
[2026-09-27 18:35:02] BẮT ĐẦU CHU TRÌNH AUTO-UPDATE XSMB 18H35 HÀNG NGÀY
[2026-09-27 18:35:02] =================================================================
[2026-09-27 18:35:02] -> Đang chạy: Cào dữ liệu & Phân tích G7 Master (Thư mục: E:\DONG BO\New Ha GCCK\Năm 2026\Dự Án AI_ Antigravity\Logic)...
[2026-09-27 18:35:09]    [Thành công] Cào dữ liệu & Phân tích G7 Master
[2026-09-27 18:35:09] -> Đang chạy: Soi cầu G1-G5 & Chốt Dàn Tĩnh mới (Thư mục: E:\DONG BO\New Ha GCCK\Năm 2026\Dự Án AI_ Antigravity\Logic)...
[2026-09-27 18:35:12]    [Thành công] Soi cầu G1-G5 & Chốt Dàn Tĩnh mới
[2026-09-27 18:35:12] -> Đồng bộ các file sang repo 58_up_to_75 & New folder/Logic...
[2026-09-27 18:35:12] -> Đang chạy: Update Daily 58_up_to_75 (Thư mục: E:\DONG BO\New Ha GCCK\Năm 2026\Dự Án AI_ Antigravity\58_up_to_75)...
[2026-09-27 18:35:19]    [Thành công] Update Daily 58_up_to_75
[2026-09-27 18:35:19] -> Đang chạy: Git Push repo Logic goc (Thư mục: E:\DONG BO\New Ha GCCK\Năm 2026\Dự Án AI_ Antigravity\Logic)...
[2026-09-27 18:35:23]    [Thành công] Git Push repo Logic goc
[2026-09-27 18:35:23] -> Đang chạy: Git Push repo 58_up_to_75 (Thư mục: E:\DONG BO\New Ha GCCK\Năm 2026\Dự Án AI_ Antigravity\58_up_to_75)...
[2026-09-27 18:35:23]    [Cảnh báo] Git Push repo 58_up_to_75 kết thúc với mã 1
[2026-09-27 18:35:23] -> Đang chạy: Git Push repo New folder/Logic (Thư mục: E:\DONG BO\New Ha GCCK\Năm 2026\Dự Án AI_ Antigravity\New folder\Logic)...
[2026-09-27 18:35:25]    [Cảnh báo] Git Push repo New folder/Logic kết thúc với mã 1
[2026-09-27 18:35:25]    Stderr: To https://github.com/happiness2286-dot/logistic.git
 ! [rejected]        main -> main (fetch first)
error: failed to push some refs to 'https://github.com/happiness2286-dot/logistic.git'
hint: Update
[2026-09-27 18:35:25] =================================================================
[2026-09-27 18:35:25] HOÀN TẤT CHU TRÌNH TỰ ĐỘNG CẬP NHẬT XSMB HÀNG NGÀY!
[2026-09-27 18:35:25] =================================================================

[2026-09-28 18:35:02] =================================================================
[2026-09-28 18:35:02] BẮT ĐẦU CHU TRÌNH AUTO-UPDATE XSMB 18H35 HÀNG NGÀY
[2026-09-28 18:35:02] =================================================================
[2026-09-28 18:35:02] -> Đang chạy: Cào dữ liệu & Phân tích G7 Master (Thư mục: E:\DONG BO\New Ha GCCK\Năm 2026\Dự Án AI_ Antigravity\Logic)...
[2026-09-28 18:35:14]    [Thành công] Cào dữ liệu & Phân tích G7 Master
[2026-09-28 18:35:14] -> Đang chạy: Soi cầu G1-G5 & Chốt Dàn Tĩnh mới (Thư mục: E:\DONG BO\New Ha GCCK\Năm 2026\Dự Án AI_ Antigravity\Logic)...
[2026-09-28 18:35:17]    [Thành công] Soi cầu G1-G5 & Chốt Dàn Tĩnh mới
[2026-09-28 18:35:17] -> Đồng bộ các file sang repo 58_up_to_75 & New folder/Logic...
[2026-09-28 18:35:17] -> Đang chạy: Update Daily 58_up_to_75 (Thư mục: E:\DONG BO\New Ha GCCK\Năm 2026\Dự Án AI_ Antigravity\58_up_to_75)...
[2026-09-28 18:35:29]    [Thành công] Update Daily 58_up_to_75
[2026-09-28 18:35:29] -> Đang chạy: Git Push repo Logic goc (Thư mục: E:\DONG BO\New Ha GCCK\Năm 2026\Dự Án AI_ Antigravity\Logic)...
[2026-09-28 18:35:32]    [Cảnh báo] Git Push repo Logic goc kết thúc với mã 1
[2026-09-28 18:35:32]    Stderr: To https://github.com/happiness2286-dot/logistic.git
 ! [rejected]        main -> main (fetch first)
error: failed to push some refs to 'https://github.com/happiness2286-dot/logistic.git'
hint: Update
[2026-09-28 18:35:32] -> Đang chạy: Git Push repo 58_up_to_75 (Thư mục: E:\DONG BO\New Ha GCCK\Năm 2026\Dự Án AI_ Antigravity\58_up_to_75)...
[2026-09-28 18:35:32]    [Cảnh báo] Git Push repo 58_up_to_75 kết thúc với mã 1
[2026-09-28 18:35:32] -> Đang chạy: Git Push repo New folder/Logic (Thư mục: E:\DONG BO\New Ha GCCK\Năm 2026\Dự Án AI_ Antigravity\New folder\Logic)...
[2026-09-28 18:35:38]    [Cảnh báo] Git Push repo New folder/Logic kết thúc với mã 1
[2026-09-28 18:35:38]    Stderr: To https://github.com/happiness2286-dot/logistic.git
 ! [rejected]        main -> main (fetch first)
error: failed to push some refs to 'https://github.com/happiness2286-dot/logistic.git'
hint: Update
[2026-09-28 18:35:38] =================================================================
[2026-09-28 18:35:38] HOÀN TẤT CHU TRÌNH TỰ ĐỘNG CẬP NHẬT XSMB HÀNG NGÀY!
[2026-09-28 18:35:38] =================================================================

[2026-09-29 18:35:02] =================================================================
[2026-09-29 18:35:02] BẮT ĐẦU CHU TRÌNH AUTO-UPDATE XSMB 18H35 HÀNG NGÀY
[2026-09-29 18:35:02] =================================================================
[2026-09-29 18:35:02] -> Đang chạy: Cào dữ liệu & Phân tích G7 Master (Thư mục: E:\DONG BO\New Ha GCCK\Năm 2026\Dự Án AI_ Antigravity\Logic)...
[2026-09-29 18:35:14]    [Thành công] Cào dữ liệu & Phân tích G7 Master
[2026-09-29 18:35:14] -> Đang chạy: Soi cầu G1-G5 & Chốt Dàn Tĩnh mới (Thư mục: E:\DONG BO\New Ha GCCK\Năm 2026\Dự Án AI_ Antigravity\Logic)...
[2026-09-29 18:35:21]    [Thành công] Soi cầu G1-G5 & Chốt Dàn Tĩnh mới
[2026-09-29 18:35:21] -> Đồng bộ các file sang repo 58_up_to_75 & New folder/Logic...
[2026-09-29 18:35:21] -> Đang chạy: Update Daily 58_up_to_75 (Thư mục: E:\DONG BO\New Ha GCCK\Năm 2026\Dự Án AI_ Antigravity\58_up_to_75)...
[2026-09-29 18:35:30]    [Thành công] Update Daily 58_up_to_75
[2026-09-29 18:35:30] -> Đang chạy: Git Push repo Logic goc (Thư mục: E:\DONG BO\New Ha GCCK\Năm 2026\Dự Án AI_ Antigravity\Logic)...
